
> fatra-frontend@0.1.0 build
> next build

npm : 
At line:1 char:1
+ npm run build > build_output.txt 2>&1
+ ~~~~~~~~~~~~~~~~~~~~~~~~~~~~~~~~~~~~~
    + CategoryInfo          : NotSpecified: (:String) [], RemoteException
    + FullyQualifiedErrorId : NativeCommandError
 
> Build error occurred
Error: EBUSY: resource busy or locked, unlink 
'C:\Users\Django\Desktop\project\firstOffer\fatra-frontend\.next\static\chunks\0quqnoj245qhv.js'
    at ignore-listed frames {
  errno: -4082,
  code: 'EBUSY',
  syscall: 'unlink',
  path: 'C:\\Users\\Django\\Desktop\\project\\firstOffer\\fatra-frontend\\.next\\static\\chunks\\0quqnoj245qhv.js'
}
